// Jest Snapshot v1, https://goo.gl/fbAQLP

exports[`should render ExpensifyLogin correctly 1`] = `
<div>
  <h1>
     Please Log In
  </h1>
  <input
    placeholder="username"
    type="login"
  />
  <input
    placeholder="password"
    type="password"
  />
  <button>
    Log In
  </button>
</div>
`;
